// Jest Snapshot v1, https://goo.gl/fbAQLP

exports[`generateSprite doesn\`t throw when sprite config is empty 1`] = `"<svg xmlns=\\"http://www.w3.org/2000/svg\\" xmlns:xlink=\\"http://www.w3.org/1999/xlink\\"></svg>"`;

exports[`generateSprite generates sprite properly 1`] = `"<?xml version=\\"1.0\\" encoding=\\"utf-8\\"?><svg xmlns=\\"http://www.w3.org/2000/svg\\" xmlns:xlink=\\"http://www.w3.org/1999/xlink\\"><symbol viewBox=\\"0 0 24 24\\" id=\\"category1-compare\\" xmlns=\\"http://www.w3.org/2000/svg\\"><path d=\\"M9.01 14H2v2h7.01v3L13 15l-3.99-4v3zm5.98-1v-3H22V8h-7.01V5L11 9l3.99 4z\\"/></symbol><symbol viewBox=\\"0 0 24 24\\" id=\\"category1-success\\" xmlns=\\"http://www.w3.org/2000/svg\\"><path d=\\"M12 2C6.48 2 2 6.48 2 12s4.48 10 10 10 10-4.48 10-10S17.52 2 12 2zm-2 15l-5-5 1.41-1.41L10 14.17l7.59-7.59L19 8l-9 9z\\"/></symbol><symbol viewBox=\\"0 0 24 24\\" id=\\"category2-compare\\" xmlns=\\"http://www.w3.org/2000/svg\\"><path d=\\"M9.01 14H2v2h7.01v3L13 15l-3.99-4v3zm5.98-1v-3H22V8h-7.01V5L11 9l3.99 4z\\"/></symbol><symbol viewBox=\\"0 0 24 24\\" id=\\"category2-success\\" xmlns=\\"http://www.w3.org/2000/svg\\"><path d=\\"M12 2C6.48 2 2 6.48 2 12s4.48 10 10 10 10-4.48 10-10S17.52 2 12 2zm-2 15l-5-5 1.41-1.41L10 14.17l7.59-7.59L19 8l-9 9z\\"/></symbol></svg>"`;
